// Jest Snapshot v1, https://goo.gl/fbAQLP

exports[`should render EditExpensePage correctly 1`] = `
<div>
  <h2>
    Edit Expense
  </h2>
  <ExpenseForm
    onSubmitHandler={[Function]}
  />
  <button
    id="remove-btn"
    onClick={[Function]}
  >
    Remove
  </button>
</div>
`;
