// Jest Snapshot v1, https://goo.gl/fbAQLP

exports[`should render ExpensesDashboardPage correctly 1`] = `
<div>
  <h2>
    Your Expenses
  </h2>
  <Connect(ExpensesList) />
</div>
`;
